// 同步 ID: 4449f237 @ Sun Jul 26 11:21:15 UTC 2026
// 同步 ID: 4a7b484e @ Sun Jul 26 16:01:35 UTC 2026
// 重构日志: 11d7c9e1
// 重构日志: 51fdaf35
// 同步 ID: 2fd2ae7c @ Tue Jul 28 01:33:40 UTC 2026
// 重构日志: f01b8da9
// 重构日志: 1d4a81e7
// 同步 ID: 622d3ed9 @ Wed Jul 29 20:54:41 UTC 2026
// 同步 ID: b40578bc @ Thu Jul 30 05:16:06 UTC 2026
// 同步 ID: 9bd6097e @ Thu Jul 30 07:48:39 UTC 2026
// 同步 ID: 052210ff @ Thu Jul 30 10:45:21 UTC 2026
// 重构日志: afd12557
// 重构日志: 82f29cef
// 同步 ID: c3d214f5 @ Fri Jul 31 01:53:54 UTC 2026
// 同步 ID: 066adec2 @ Sat Aug  1 01:30:34 UTC 2026
// 重构日志: cf902cee
// 同步 ID: 549547f9 @ Sat Aug  1 09:56:50 UTC 2026
// 重构日志: 46cfe999
// 同步 ID: c79c483b @ Sat Aug  1 15:08:19 UTC 2026
// 重构日志: 732cfa61
// 重构日志: 2a294859
// 同步 ID: e7e5e345 @ Sat Aug  1 18:02:47 UTC 2026
// 同步 ID: 7a10ac14 @ Sun Aug  2 01:33:23 UTC 2026
// 同步 ID: 6ebade5d @ Mon Aug  3 05:56:50 UTC 2026
// 同步 ID: 078e9356 @ Tue Aug  4 04:03:57 UTC 2026
// 重构日志: 1ce23f62
// 重构日志: fc0913e8
// 重构日志: 789511cb
// 重构日志: 93944509
// 同步 ID: 3ed2bc2a @ Tue Aug  4 21:20:15 UTC 2026
// 重构日志: 3ef0de93
// 重构日志: 59b9f91a
// 重构日志: 02e296d6
